

DATA-FILE  WAGI1PTS.OUT


Name of run: WAGI1


Station=  WAGE , Soil=  1, Crop=  1,    Irr.=  1, IOPT=  1, Runof=0.00, CO2=370.

 Planting on day   0, 1970
 Crop emergence on day   1, 1970
 Wageningen, irrig.,wheat var.1, RUE=3.0                                         

 Crop PRODUCTION AND SOIL WATER STATUS
 =======================================
 DAY   WLVG    WLVD    WST    WSO     TAGB    TSUML   DVS     LAI  TRANRF  SMACT  TRAIN   TIRR  TTRANS   TESOIL    TDRAIN  TRUNOF   WTOT  WAVT   PARAB    PAR    NNI   NMINT    NMIN    NUPT    NFIX    NLIV    NLOSS   
   1     68.      0.     37.      0.    105.      0.   0.00   0.14   1.00   0.30      0.      0.      0.      0.      0.      0.     30.     10.     0.     0.   1.00      0.     30.      0.      0.      8.      0.
  11     68.      0.     37.      0.    105.      0.   0.00   0.15   1.00   0.35     13.      3.      0.      2.      0.      0.     72.     31.     1.     9.   1.00      7.     22.      0.      0.      8.      0.
  21     69.      0.     37.      0.    106.      0.   0.00   0.18   1.00   0.34     18.      3.      0.      2.      0.      0.    112.     46.     2.    17.   1.00     15.     15.      0.      0.      8.      0.
  31     70.      0.     38.      0.    107.      0.   0.00   0.22   1.00   0.35     42.      3.      0.      3.      0.      0.    155.     65.     3.    27.   1.00     22.      8.      0.      0.      9.      0.
  41     71.      0.     38.      0.    109.      0.   0.00   0.25   1.00   0.35     75.      3.      1.      6.      9.      0.    199.     85.     5.    47.   1.00     30.      0.      0.      0.      9.      0.
  51     71.      0.     38.      0.    109.      0.   0.00   0.26   1.00   0.35    102.      3.      1.      7.     35.      0.    241.    103.     9.    71.   1.00     30.      0.      0.      0.      9.      0.
  61     75.      0.     40.      0.    115.      2.   0.00   0.33   1.00   0.35    148.      3.      2.     12.     76.      0.    283.    121.    12.    92.   1.00     29.      0.      1.      0.      9.      0.
  71     75.      0.     40.      0.    115.      2.   0.00   0.35   1.00   0.35    155.      3.      2.     15.     79.      0.    324.    139.    20.   135.   1.00     29.      0.      1.      0.      9.      0.
  81     85.      0.     46.      0.    131.     12.   0.02   0.47   1.00   0.35    165.      3.      3.     20.     83.      0.    367.    157.    26.   166.   1.00     28.      0.      2.      0.     10.      0.
  91    101.      0.     54.      0.    155.     28.   0.04   0.65   1.00   0.35    202.      3.      6.     28.    109.      0.    409.    175.    39.   212.   1.00     27.      0.      3.      0.     11.      0.
 101    102.      0.     55.      0.    157.     41.   0.06   0.76   1.00   0.35    240.      3.      9.     36.    136.      0.    438.    187.    57.   262.   1.00     26.      0.      4.      0.     12.      0.
 111    202.      0.    108.      0.    310.    103.   0.14   0.97   1.00   0.35    254.      3.     14.     45.    141.      0.    432.    182.    77.   313.   1.00     17.      0.     13.      0.     22.      0.
 121    343.      0.    174.      0.    517.    171.   0.24   1.27   1.00   0.35    286.      3.     21.     56.    152.      0.    435.    185.   104.   367.   1.00      8.      0.     22.      0.     30.      0.
 131   1078.      0.    595.      0.   1672.    300.   0.42   2.83   1.00   0.34    291.      3.     35.     62.    152.      0.    420.    170.   159.   451.   1.00      6.      0.     59.      0.     67.      0.
 141   1940.     16.   1549.      0.   3506.    435.   0.60   4.65   1.00   0.32    297.      3.     56.     65.    152.      0.    403.    153.   230.   531.   1.00    -33.      0.     98.      0.    106.      0.
 151   2285.    179.   2928.      0.   5392.    556.   0.77   5.34   1.00   0.31    306.      3.     82.     67.    152.      0.    384.    134.   305.   610.   1.00    -51.      0.    116.      0.    123.      1.
 161   2287.    424.   5509.    144.   8363.    722.   1.00   5.30   1.00   0.30    307.     34.    124.     68.    152.      0.    371.    121.   417.   726.   1.00    -67.      0.    132.      0.    139.      2.
 171   1652.   1059.   5509.   3416.  11636.    892.   1.18   3.83   1.00   0.29    315.     64.    163.     71.    152.      0.    368.    118.   526.   843.   1.00    -71.      0.    136.      0.    141.      4.
 181   1170.   1541.   5509.   5656.  13875.   1071.   1.37   2.71   1.00   0.28    329.     64.    190.     75.    152.      0.    350.    100.   601.   930.   1.00    -81.      0.    146.      0.    149.      6.
 191    846.   1865.   5290.   6915.  15134.   1239.   1.55   1.96   1.00   0.29    375.     64.    211.     85.    152.      0.    366.    116.   653.   999.   1.00    -81.      0.    146.      0.    147.      8.
 201    626.   2085.   4323.   7763.  15982.   1390.   1.71   1.45   1.00   0.32    433.     64.    226.     93.    152.      0.    400.    150.   698.  1070.   1.00    -81.      0.    146.      0.    143.     11.
 211    458.   2253.   3532.   8179.  16399.   1547.   1.87   1.06   1.00   0.32    460.     64.    238.    107.    152.      0.    401.    151.   732.  1133.   1.00    -81.      0.    146.      0.    141.     14.
 219    355.   2356.   3066.   8394.  16613.   1683.   2.01   0.82   1.00   0.31    460.     64.    247.    113.    152.      0.    386.    136.   764.  1206.   1.00    -81.      0.    146.      0.    139.     16.


DATA-FILE  WAGI1PTS.OUT


Name of run: WAGI1


Station=  WAGE , Soil=  1, Crop=  1,    Irr.=  1, IOPT=  1, Runof=0.00, CO2=370.

 Planting on day   0, 1971
 Crop emergence on day   1, 1971
 Wageningen, irrig.,wheat var.1, RUE=3.0                                         

 Crop PRODUCTION AND SOIL WATER STATUS
 =======================================
 DAY   WLVG    WLVD    WST    WSO     TAGB    TSUML   DVS     LAI  TRANRF  SMACT  TRAIN   TIRR  TTRANS   TESOIL    TDRAIN  TRUNOF   WTOT  WAVT   PARAB    PAR    NNI   NMINT    NMIN    NUPT    NFIX    NLIV    NLOSS   
   1     68.      0.     37.      0.    105.      0.   0.00   0.14   1.00   0.30      0.      0.      0.      0.      0.      0.     30.     10.     0.     0.   1.00      0.     30.      0.      0.      8.      0.
  11     68.      0.     37.      0.    105.      0.   0.00   0.15   1.00   0.32      4.      0.      0.      0.      0.      0.     66.     25.     1.    10.   1.00      7.     22.      0.      0.      9.      0.
  21     69.      0.     37.      0.    106.      0.   0.00   0.19   1.00   0.34     12.      0.      0.      1.      0.      0.    110.     45.     2.    21.   1.00     15.     15.      0.      0.      9.      0.
  31     73.      0.     39.      0.    112.      0.   0.00   0.31   1.00   0.35     60.      0.      1.      5.      0.      0.    157.     67.     3.    28.   1.00     22.      8.      1.      0.      9.      0.
  41     78.      0.     42.      0.    121.      0.   0.00   0.43   1.00   0.35     66.      0.      1.      6.      0.      0.    198.     85.     5.    41.   1.00     28.      0.      2.      0.     10.      0.
  51     85.      0.     46.      0.    131.      1.   0.00   0.59   1.00   0.35     86.      0.      2.      8.     13.      0.    241.    103.    12.    66.   1.00     28.      0.      2.      0.     11.      0.
  61     93.      0.     50.      0.    144.      4.   0.01   0.74   1.00   0.35     93.      0.      3.     12.     19.      0.    280.    118.    21.    94.   1.00     27.      0.      3.      0.     12.      0.
  71     94.      0.     51.      0.    144.      6.   0.01   0.76   1.00   0.35    109.      0.      5.     15.     27.      0.    325.    139.    36.   134.   1.00     27.      0.      3.      0.     12.      0.
  81    137.      0.     74.      0.    211.     26.   0.04   0.85   1.00   0.35    127.      0.      8.     22.     34.      0.    366.    157.    48.   168.   1.00     22.      0.      8.      0.     16.      0.
  91    154.      0.     83.      0.    236.     47.   0.07   0.89   1.00   0.35    133.      0.     12.     27.     35.      0.    405.    172.    66.   210.   1.00     20.      0.     10.      0.     18.      0.
 101    270.      0.    144.      0.    414.     96.   0.13   1.13   1.00   0.34    133.      0.     17.     29.     35.      0.    426.    176.    91.   267.   1.00     12.      0.     18.      0.     26.      0.
 111    561.      0.    285.      0.    846.    160.   0.22   1.75   1.00   0.34    137.      0.     26.     32.     35.      0.    419.    169.   131.   341.   1.00    -12.      0.     42.      0.     51.      0.
 121    824.      0.    405.      0.   1229.    231.   0.32   2.31   1.00   0.33    152.      0.     42.     39.     35.      0.    412.    162.   190.   422.   1.00    -29.      0.     59.      0.     67.      0.
 131   1521.      0.    918.      0.   2439.    349.   0.48   3.78   1.00   0.31    160.      0.     66.     43.     35.      0.    390.    140.   272.   525.   1.00    -16.      0.     81.      0.     89.      0.
 141   2303.    113.   2341.      0.   4757.    504.   0.70   5.41   1.00   0.32    202.      0.     93.     47.     35.      0.    402.    152.   358.   616.   1.00    -51.      0.    116.      0.    124.      1.
 151   2371.    378.   4147.      0.   6896.    638.   0.89   5.50   1.00   0.32    220.      0.    118.     49.     35.      0.    394.    144.   437.   698.   1.00    -66.      0.    131.      0.    138.      2.
 161   1973.    817.   5540.   1325.   9655.    800.   1.09   4.57   1.00   0.29    220.      0.    153.     50.     35.      0.    358.    108.   530.   796.   1.00    -76.      0.    141.      0.    146.      3.
 171   1528.   1262.   5540.   2769.  11099.    927.   1.22   3.54   1.00   0.32    286.      0.    172.     53.     35.      0.    400.    150.   582.   853.   1.00    -81.      0.    146.      0.    149.      5.
 181   1145.   1645.   5540.   4767.  13097.   1071.   1.37   2.65   1.00   0.32    320.      0.    196.     60.     35.      0.    404.    154.   650.   933.   1.00    -86.      0.    151.      0.    152.      7.
 191    815.   1975.   5321.   6819.  15148.   1248.   1.56   1.89   1.00   0.30    320.      0.    222.     66.     35.      0.    372.    122.   733.  1044.   1.00    -86.      0.    151.      0.    150.      9.
 201    606.   2184.   4347.   7883.  16213.   1400.   1.72   1.40   1.00   0.28    321.      0.    240.     71.     35.      0.    349.     99.   793.  1140.   1.00    -86.      0.    151.      0.    147.     12.
 211    430.   2360.   3552.   8259.  16588.   1579.   1.91   1.00   1.00   0.28    351.      0.    251.     84.     35.      0.    356.    106.   824.  1200.   1.00    -86.      0.    151.      0.    144.     15.
 217    359.   2431.   3211.   8397.  16727.   1674.   2.01   0.83   1.00   0.28    356.      0.    258.     91.     35.      0.    347.     97.   847.  1253.   1.00    -86.      0.    151.      0.    143.     16.


DATA-FILE  WAGI1PTS.OUT


Name of run: WAGI1


Station=  WAGE , Soil=  1, Crop=  1,    Irr.=  1, IOPT=  1, Runof=0.00, CO2=370.

 Planting on day   0, 1972
 Crop emergence on day   1, 1972
 Wageningen, irrig.,wheat var.1, RUE=3.0                                         

 Crop PRODUCTION AND SOIL WATER STATUS
 =======================================
 DAY   WLVG    WLVD    WST    WSO     TAGB    TSUML   DVS     LAI  TRANRF  SMACT  TRAIN   TIRR  TTRANS   TESOIL    TDRAIN  TRUNOF   WTOT  WAVT   PARAB    PAR    NNI   NMINT    NMIN    NUPT    NFIX    NLIV    NLOSS   
   1     68.      0.     37.      0.    105.      0.   0.00   0.14   1.00   0.30      0.      0.      0.      0.      0.      0.     30.     10.     0.     0.   1.00      0.     30.      0.      0.      8.      0.
  11     68.      0.     37.      0.    105.      0.   0.00   0.17   1.00   0.30      1.      0.      0.      1.      0.      0.     62.     21.     1.     7.   1.00      7.     22.      1.      0.      9.      0.
  21     69.      0.     37.      0.    106.      0.   0.00   0.20   1.00   0.35     19.      0.      0.      2.      0.      0.    114.     49.     2.    16.   1.00     14.     15.      1.      0.      9.      0.
  31     69.      0.     37.      0.    106.      0.   0.00   0.21   1.00   0.34     32.      0.      1.      4.      0.      0.    154.     64.     3.    31.   1.00     22.      8.      1.      0.      9.      0.
  41     74.      0.     40.      0.    114.      0.   0.00   0.30   1.00   0.35     45.      0.      1.      7.      0.      0.    197.     83.     6.    50.   1.00     29.      0.      1.      0.      9.      0.
  51     80.      0.     43.      0.    123.      1.   0.00   0.41   1.00   0.35     57.      0.      2.      9.      0.      0.    238.    101.    10.    70.   1.00     28.      0.      2.      0.     10.      0.
  61     95.      0.     51.      0.    146.      5.   0.01   0.58   1.00   0.34     59.      0.      3.     11.      0.      0.    277.    115.    15.    93.   1.00     27.      0.      3.      0.     12.      0.
  71    134.      0.     72.      0.    206.     16.   0.02   0.82   1.00   0.35     76.      0.      6.     16.      0.      0.    324.    139.    30.   133.   1.00     22.      0.      8.      0.     16.      0.
  81    216.      0.    116.      0.    332.     42.   0.06   0.99   1.00   0.34     76.      0.     11.     21.      0.      0.    352.    143.    55.   195.   1.00     13.      0.     17.      0.     26.      0.
  91    251.      0.    135.      0.    387.     77.   0.11   1.06   1.00   0.34     99.      0.     17.     28.      0.      0.    403.    169.    79.   249.   1.00     11.      0.     19.      0.     27.      0.
 101    401.      0.    209.      0.    610.    138.   0.19   1.38   1.00   0.35    154.      0.     24.     38.     30.      0.    438.    187.    99.   287.   1.00      1.      0.     29.      0.     37.      0.
 111    536.      0.    269.      0.    805.    188.   0.26   1.67   1.00   0.35    189.      0.     31.     44.     51.      0.    438.    187.   134.   347.   1.00     -9.      0.     39.      0.     47.      0.
 121    760.      0.    379.      0.   1140.    242.   0.34   2.14   1.00   0.34    195.      0.     43.     51.     51.      0.    425.    175.   184.   420.   1.00    -21.      0.     51.      0.     59.      0.
 131   1660.      0.   1080.      0.   2739.    369.   0.51   4.05   1.00   0.34    213.      0.     61.     56.     51.      0.    421.    171.   248.   498.   1.00    -25.      0.     90.      0.     99.      0.
 141   2010.     52.   1698.      0.   3760.    458.   0.64   4.78   1.00   0.35    260.      0.     76.     58.     66.      0.    435.    185.   301.   555.   1.00    -37.      0.    102.      0.    110.      0.
 151   2320.    260.   3352.      0.   5932.    592.   0.82   5.39   1.00   0.34    290.      0.    106.     61.     66.      0.    431.    181.   382.   640.   1.00    -59.      0.    124.      0.    131.      1.
 161   2198.    481.   4822.    274.   7775.    725.   1.01   5.09   1.00   0.34    314.      0.    131.     63.     66.      0.    428.    178.   451.   712.   1.00    -65.      0.    130.      0.    136.      2.
 171   1699.    980.   4822.   2918.  10419.    853.   1.14   3.93   1.00   0.33    332.      0.    159.     67.     66.      0.    415.    165.   541.   808.   1.00    -68.      0.    133.      0.    137.      4.
 181   1267.   1412.   4822.   4923.  12424.   1000.   1.30   2.93   1.00   0.34    370.      0.    183.     71.     66.      0.    424.    174.   609.   886.   1.00    -78.      0.    143.      0.    146.      6.
 191    936.   1743.   4822.   6114.  13615.   1153.   1.46   2.17   1.00   0.34    404.      0.    199.     78.     74.      0.    429.    179.   652.   941.   1.00    -79.      0.    144.      0.    146.      7.
 201    675.   2004.   4186.   7716.  15218.   1321.   1.63   1.56   1.00   0.32    411.      0.    221.     86.     74.      0.    406.    156.   726.  1052.   1.00    -79.      0.    144.      0.    143.     10.
 211    468.   2211.   3421.   8271.  15772.   1517.   1.84   1.08   1.00   0.35    480.      0.    233.     95.     89.      0.    438.    187.   764.  1119.   1.00    -79.      0.    144.      0.    140.     13.
 221    337.   2342.   2795.   8489.  15991.   1684.   2.02   0.78   1.00   0.34    488.      0.    242.    108.     89.      0.    424.    174.   794.  1190.   1.00    -79.      0.    144.      0.    138.     15.
 222    337.   2342.   2795.   8489.  15991.   1684.   2.02   0.78   1.00   0.34    488.      0.    242.    108.     89.      0.    424.    174.   794.  1190.   1.00    -79.      0.    144.      0.    138.     15.


DATA-FILE  WAGI1PTS.OUT


Name of run: WAGI1


Station=  WAGE , Soil=  1, Crop=  1,    Irr.=  1, IOPT=  1, Runof=0.00, CO2=370.

 Planting on day   0, 1973
 Crop emergence on day   1, 1973
 Wageningen, irrig.,wheat var.1, RUE=3.0                                         

 Crop PRODUCTION AND SOIL WATER STATUS
 =======================================
 DAY   WLVG    WLVD    WST    WSO     TAGB    TSUML   DVS     LAI  TRANRF  SMACT  TRAIN   TIRR  TTRANS   TESOIL    TDRAIN  TRUNOF   WTOT  WAVT   PARAB    PAR    NNI   NMINT    NMIN    NUPT    NFIX    NLIV    NLOSS   
   1     68.      0.     37.      0.    105.      0.   0.00   0.14   1.00   0.30      0.      0.      0.      0.      0.      0.     30.     10.     0.     0.   1.00      0.     30.      0.      0.      8.      0.
  11     69.      0.     37.      0.    105.      0.   0.00   0.17   1.00   0.31      1.      0.      0.      0.      0.      0.     64.     22.     1.     8.   1.00      7.     22.      0.      0.      9.      0.
  21     69.      0.     37.      0.    107.      0.   0.00   0.20   1.00   0.31      6.      0.      0.      1.      0.      0.    103.     37.     2.    18.   1.00     14.     15.      1.      0.      9.      0.
  31     73.      0.     39.      0.    112.      0.   0.00   0.28   1.00   0.35     26.      0.      0.      3.      0.      0.    156.     67.     3.    31.   1.00     22.      8.      1.      0.      9.      0.
  41     77.      0.     41.      0.    118.      0.   0.00   0.38   1.00   0.35     39.      0.      1.      5.      0.      0.    198.     85.     6.    43.   1.00     29.      0.      1.      0.      9.      0.
  51     77.      0.     42.      0.    119.      1.   0.00   0.46   1.00   0.35     85.      0.      2.      8.     13.      0.    241.    103.    10.    63.   1.00     28.      0.      2.      0.     10.      0.
  61     80.      0.     43.      0.    123.      4.   0.01   0.57   1.00   0.35     99.      0.      3.     11.     22.      0.    283.    121.    19.    95.   1.00     28.      0.      2.      0.     10.      0.
  71    103.      0.     55.      0.    158.     15.   0.02   0.77   1.00   0.35    110.      0.      4.     15.     30.      0.    323.    137.    32.   133.   1.00     26.      0.      4.      0.     13.      0.
  81    119.      0.     64.      0.    184.     31.   0.04   0.80   1.00   0.35    112.      0.      7.     19.     30.      0.    362.    152.    50.   181.   1.00     24.      0.      6.      0.     14.      0.
  91    139.      0.     75.      0.    214.     64.   0.09   0.85   1.00   0.35    119.      0.     10.     22.     30.      0.    403.    170.    73.   239.   1.00     22.      0.      8.      0.     16.      0.
 101    170.      0.     91.      0.    261.     93.   0.13   0.91   1.00   0.35    169.      0.     15.     33.     60.      0.    435.    185.    94.   292.   1.00     19.      0.     11.      0.     19.      0.
 111    250.      0.    131.      0.    382.    135.   0.19   1.08   1.00   0.35    186.      0.     21.     42.     62.      0.    436.    186.   122.   354.   1.00     13.      0.     17.      0.     25.      0.
 121    488.      0.    238.      0.    725.    200.   0.28   1.59   1.00   0.35    199.      0.     29.     49.     63.      0.    434.    184.   162.   429.   1.00     -3.      0.     33.      0.     41.      0.
 131    954.      0.    519.      0.   1473.    303.   0.42   2.57   1.00   0.35    225.      0.     41.     57.     67.      0.    435.    185.   202.   488.   1.00     11.      0.     54.      0.     62.      0.
 141   1644.      0.   1205.      0.   2849.    408.   0.57   4.04   1.00   0.33    234.      0.     65.     61.     67.      0.    416.    166.   287.   589.   1.00    -17.      0.     82.      0.     90.      0.
 151   2224.    113.   2862.      0.   5199.    558.   0.78   5.24   1.00   0.32    255.      0.     93.     65.     67.      0.    405.    155.   372.   679.   1.00    -48.      0.    113.      0.    121.      1.
 161   2192.    312.   4846.      0.   7350.    688.   0.96   5.12   1.00   0.32    272.      0.    119.     66.     67.      0.    395.    145.   454.   765.   1.00    -60.      0.    125.      0.    132.      1.
 171   1743.    762.   5076.   2753.  10334.    836.   1.13   4.07   1.00   0.29    272.      0.    151.     68.     67.      0.    362.    112.   558.   875.   1.00    -62.      0.    127.      0.    132.      3.
 181   1207.   1298.   5076.   5692.  13273.   1031.   1.33   2.82   1.00   0.31    285.     60.    188.     75.     67.      0.    390.    140.   655.   987.   1.00    -74.      0.    139.      0.    142.      5.
 191    843.   1662.   4875.   8018.  15598.   1222.   1.53   1.97   1.00   0.28    285.     60.    217.     82.     67.      0.    354.    104.   745.  1104.   1.00    -74.      0.    139.      0.    140.      7.
 201    604.   1901.   3983.   8906.  16486.   1393.   1.71   1.41   1.00   0.28    310.     60.    234.     94.     67.      0.    350.    100.   792.  1178.   1.00    -74.      0.    139.      0.    137.     11.
 211    443.   2061.   3254.   9301.  16881.   1548.   1.88   1.04   1.00   0.28    335.     60.    245.    108.     67.      0.    350.    100.   825.  1240.   1.00    -74.      0.    139.      0.    135.     13.
 219    350.   2155.   2825.   9428.  17008.   1671.   2.00   0.82   1.00   0.28    354.     60.    251.    117.     67.      0.    354.    104.   843.  1282.   1.00    -74.      0.    139.      0.    133.     15.


DATA-FILE  WAGI1PTS.OUT


Name of run: WAGI1


Station=  WAGE , Soil=  1, Crop=  1,    Irr.=  1, IOPT=  1, Runof=0.00, CO2=370.

 Planting on day   0, 1974
 Crop emergence on day   1, 1974
 Wageningen, irrig.,wheat var.1, RUE=3.0                                         

 Crop PRODUCTION AND SOIL WATER STATUS
 =======================================
 DAY   WLVG    WLVD    WST    WSO     TAGB    TSUML   DVS     LAI  TRANRF  SMACT  TRAIN   TIRR  TTRANS   TESOIL    TDRAIN  TRUNOF   WTOT  WAVT   PARAB    PAR    NNI   NMINT    NMIN    NUPT    NFIX    NLIV    NLOSS   
   1     68.      0.     37.      0.    105.      0.   0.00   0.14   1.00   0.30      0.      0.      0.      0.      0.      0.     30.     10.     0.     0.   1.00      0.     30.      0.      0.      8.      0.
  11     70.      0.     38.      0.    107.      0.   0.00   0.19   1.00   0.35     23.      0.      0.      2.      0.      0.     72.     31.     1.    10.   1.00      7.     22.      1.      0.      9.      0.
  21     76.      0.     41.      0.    116.      0.   0.00   0.36   1.00   0.34     43.      0.      1.      9.      0.      0.    112.     46.     2.    18.   1.00     14.     15.      1.      0.      9.      0.
  31     83.      0.     45.      0.    127.      0.   0.00   0.53   1.00   0.35     59.      0.      2.     12.      0.      0.    157.     67.     5.    30.   1.00     21.      8.      2.      0.     10.      0.
  41     93.      0.     50.      0.    143.      0.   0.00   0.78   1.00   0.35     82.      0.      3.     15.      1.      0.    199.     85.    10.    46.   1.00     27.      0.      3.      0.     11.      0.
  51    130.      0.     70.      0.    201.      3.   0.00   0.86   1.00   0.34     84.      0.      6.     19.      1.      0.    236.     98.    19.    70.   1.00     22.      0.      8.      0.     16.      0.
  61    132.      0.     71.      0.    202.      6.   0.01   0.86   1.00   0.35     93.      0.      8.     21.      2.      0.    283.    121.    34.   106.   1.00     22.      0.      8.      0.     16.      0.
  71    137.      0.     74.      0.    211.     13.   0.02   0.87   1.00   0.35    108.      0.     10.     24.     14.      0.    322.    137.    45.   135.   1.00     22.      0.      8.      0.     16.      0.
  81    172.      0.     93.      0.    265.     37.   0.05   0.95   1.00   0.35    142.      0.     13.     30.     37.      0.    366.    156.    60.   169.   1.00     18.      0.     12.      0.     20.      0.
  91    291.      0.    157.      0.    448.     82.   0.11   1.20   1.00   0.34    144.      0.     18.     35.     37.      0.    400.    166.    86.   225.   1.00      6.      0.     24.      0.     33.      0.
 101    730.      0.    373.      0.   1103.    156.   0.22   2.13   1.00   0.33    144.      0.     30.     38.     37.      0.    413.    163.   140.   312.   1.00    -30.      0.     60.      0.     68.      0.
 111    871.      0.    436.      0.   1307.    208.   0.29   2.43   1.00   0.32    144.      0.     44.     40.     37.      0.    398.    148.   209.   403.   1.00    -40.      0.     70.      0.     78.      0.
 121   1033.      0.    528.      0.   1561.    265.   0.37   2.77   1.00   0.31    153.      0.     56.     42.     37.      0.    392.    142.   261.   469.   1.00    -42.      0.     72.      0.     80.      0.
 131   1487.      0.    870.      0.   2357.    349.   0.49   3.74   1.00   0.30    157.      0.     71.     44.     37.      0.    380.    130.   311.   527.   1.00    -24.      0.     89.      0.     97.      0.
 141   2366.    107.   2356.      0.   4829.    490.   0.68   5.57   1.00   0.30    187.      0.    101.     47.     37.      0.    376.    126.   405.   628.   1.00    -61.      0.    126.      0.    133.      1.
 151   2448.    417.   3968.      0.   6834.    604.   0.84   5.68   1.00   0.29    204.      0.    129.     49.     37.      0.    363.    113.   499.   725.   1.00    -77.      0.    142.      0.    149.      2.
 161   2265.    686.   5683.    308.   8942.    723.   1.00   5.24   1.00   0.30    244.      0.    156.     51.     37.      0.    374.    124.   585.   814.   1.00    -84.      0.    149.      0.    155.      3.
 171   1682.   1269.   5683.   3177.  11811.    875.   1.16   3.89   1.00   0.28    255.      0.    187.     54.     37.      0.    351.    101.   684.   921.   1.00    -87.      0.    152.      0.    155.      5.
 181   1226.   1725.   5683.   5579.  14213.   1035.   1.33   2.84   1.00   0.27    274.      0.    211.     58.     37.      0.    342.     92.   764.  1012.   1.00    -99.      0.    164.      0.    165.      7.
 191    909.   2042.   5683.   7104.  15738.   1184.   1.49   2.10   1.00   0.28    312.      0.    229.     65.     37.      0.    354.    104.   822.  1088.   1.00    -99.      0.    164.      0.    164.      8.
 201    680.   2272.   4738.   8116.  16750.   1329.   1.64   1.57   1.00   0.28    328.      0.    245.     75.     37.      0.    345.     95.   871.  1161.   1.00    -99.      0.    164.      0.    160.     12.
 211    502.   2449.   3871.   8740.  17374.   1480.   1.80   1.16   1.00   0.27    339.      0.    257.     84.     37.      0.    335.     85.   913.  1236.   1.00    -99.      0.    164.      0.    157.     15.
 221    371.   2580.   3163.   9020.  17654.   1634.   1.96   0.86   1.00   0.29    355.     30.    267.     93.     37.      0.    363.    113.   946.  1308.   1.00    -99.      0.    164.      0.    155.     17.
 225    339.   2613.   2977.   9049.  17683.   1679.   2.01   0.78   1.00   0.31    389.     30.    269.     97.     37.      0.    390.    140.   952.  1323.   1.00    -99.      0.    164.      0.    154.     18.
