


*** RESULTS OF CROP GROWTH MODEL LINTUL4 *** SUMMARY OF OUTPUT FOR CROP GROWTH, YIELD, WATER BALANCE AND NITROGEN UPTAKE, AND STATISTICS ***

Name of run: WAWI1, Station= WAGE , Soil=   1, Crop=   1, Irr.=   1, IOPT=   1, Runof= 0.00, CO2= 370.
 Wageningen, irrig.,winterwheat var.1, RUE=3.0                                   


YEAR    PL   EMERG FLOW  HALT    WSO     TAGB   HI  PARAB  RUE   DWAV RAIN  ESOIL   TRANS DRAIN RUNOF  IRR   WUE  NUPT  NFIX    NLIV   NLOSS   NUE    TRANRF   NNI  
1969   274   279   161   218     8575.  17611. 0.49  931.  1.89   -7.  576.  118.   286.  228.    0.   64.  4.36  167.2    0.0  157.4   18.1  106.2   1.00   1.00
1970   274   280   155   216     8511.  17404. 0.49  958.  1.82   35.  565.  105.   285.  210.    0.    0.  4.46  168.9    0.0  159.4   17.9  105.6   1.00   1.00
1971   274   279   160   221     8596.  16839. 0.51  931.  1.81  -48.  595.  106.   276.  164.    0.    0.  4.40  164.3    0.0  155.4   17.2  105.2   1.00   1.00
1972   274   281   163   219     9508.  17669. 0.54  964.  1.83   23.  475.  122.   277.  159.    0.   60.  4.43  152.1    0.0  144.2   16.3  114.5   1.00   1.00
1973   274   280   160   224     9160.  18242. 0.50 1049.  1.74    0.  606.  108.   292.  236.    0.   30.  4.56  179.1    0.0  168.2   19.3  106.2   1.00   1.00
1974   274   283   165   221     8805.  18262. 0.48  985.  1.85   -2.  794.  148.   280.  364.    0.    0.  4.27  169.9    0.0  160.2   18.0  106.8   1.00   1.00
1975   274   279   162   214     9044.  17433. 0.52 1009.  1.73   15.  373.  110.   327.  131.    0.  180.  3.99  155.6    0.0  147.6   16.4  111.5   1.00   1.00

 MEANS over   7 years  :
       274.  280.  161.  219.    8886.  17637. 0.50  975.  1.81    2.  569.  117.   289.  213.    0.   48.  4.35  165.3    0.0  156.1   17.6  108.0   1.00   1.00
 STANDARD DEVIATIONS  :
         0.    1.    3.    3.     341.    461. 0.02   40.  0.05   25.  119.   14.    16.   71.    0.   60.  0.17    8.4    0.0    7.5    1.0    3.3   0.00   0.00
 VARIATION COEFFICIENTS (%)  : 
        0.0   0.5   1.8   1.4      3.8     2.6  3.7   4.1   3.01129.3  21.0  11.9    5.6  33.4   0.0 125.5   3.9    5.1    0.0    4.8    5.6    3.1   0.00   0.00



*** RESULTS OF CROP GROWTH MODEL LINTUL4 *** SUMMARY OF OUTPUT FOR CROP GROWTH, YIELD, WATER BALANCE AND NITROGEN UPTAKE, AND STATISTICS ***

Name of run: WAWW2, Station= WAGE , Soil=   1, Crop=   1, Irr.=   0, IOPT=   2, Runof= 0.00, CO2= 370.
 Wageningen, water limit.,winterwheat var.1, RUE=3.0                             


YEAR    PL   EMERG FLOW  HALT    WSO     TAGB   HI  PARAB  RUE   DWAV RAIN  ESOIL   TRANS DRAIN RUNOF  IRR   WUE  NUPT  NFIX    NLIV   NLOSS   NUE    TRANRF   NNI  
1969   274   279   161   218     7915.  16951. 0.47  931.  1.82   43.  576.  117.   277.  224.    0.    0.  4.30  167.0    0.0  157.0   18.3  102.9   0.99   1.00
1970   274   280   155   216     8511.  17404. 0.49  958.  1.82   35.  565.  105.   285.  210.    0.    0.  4.46  169.1    0.0  159.6   17.9  105.5   1.00   1.00
1971   274   279   160   221     8596.  16839. 0.51  931.  1.81  -48.  595.  106.   276.  164.    0.    0.  4.40  164.3    0.0  155.4   17.2  105.2   1.00   1.00
1972   274   281   163   219     9265.  17426. 0.53  964.  1.81   76.  475.  119.   273.  159.    0.    0.  4.44  152.1    0.0  144.2   16.3  112.9   0.99   1.00
1973   274   280   160   224     9160.  18242. 0.50 1049.  1.74   30.  606.  108.   292.  236.    0.    0.  4.56  179.1    0.0  168.2   19.3  106.2   1.00   1.00
1974   274   283   165   221     8805.  18262. 0.48  985.  1.85   -2.  794.  148.   280.  364.    0.    0.  4.27  169.9    0.0  160.2   18.0  106.8   1.00   1.00
1975   274   279   162   214     5363.  13696. 0.39 1008.  1.36  114.  373.   98.   258.  131.    0.    0.  3.85  152.9    0.0  144.8   16.4   92.3   0.92   1.00

 MEANS over   7 years  :
       274.  280.  161.  219.    8231.  16974. 0.48  975.  1.74   35.  569.  114.   277.  213.    0.    0.  4.33  164.9    0.0  155.6   17.6  104.5   0.99   1.00
 STANDARD DEVIATIONS  :
         0.    1.    3.    3.    1242.   1435. 0.04   40.  0.16   48.  119.   15.    10.   71.    0.    0.  0.22    8.9    0.0    8.0    1.0    5.8   0.03   0.00
 VARIATION COEFFICIENTS (%)  : 
        0.0   0.5   1.8   1.4     15.1     8.5  8.6   4.1   9.2 136.7  21.0  13.2    3.6  33.4   0.0   0.0   5.0    5.4    0.0    5.1    5.6    5.5   2.83   0.00



*** RESULTS OF CROP GROWTH MODEL LINTUL4 *** SUMMARY OF OUTPUT FOR CROP GROWTH, YIELD, WATER BALANCE AND NITROGEN UPTAKE, AND STATISTICS ***

Name of run: WAWN3, Station= WAGE , Soil=   1, Crop=   1, Irr.=   0, IOPT=   3, Runof= 0.00, CO2= 370.
 Wageningen, water and N limit.,winterwheat var.1, RUE=3.0                       


YEAR    PL   EMERG FLOW  HALT    WSO     TAGB   HI  PARAB  RUE   DWAV RAIN  ESOIL   TRANS DRAIN RUNOF  IRR   WUE  NUPT  NFIX    NLIV   NLOSS   NUE    TRANRF   NNI  
1969   274   279   161   218     3056.   9759. 0.31  715.  1.36   16.  576.  165.   202.  225.    0.    0.  2.66   65.0    0.0   59.7   13.7  176.7   1.00   0.78
1970   274   280   155   216     2423.   8866. 0.27  697.  1.27   -3.  565.  162.   190.  210.    0.    0.  2.52   65.0    0.0   60.6   12.8  165.9   1.00   0.77
1971   274   279   160   221     2849.   8787. 0.32  668.  1.32  -50.  595.  172.   183.  189.    0.    0.  2.47   65.0    0.0   61.2   12.2  161.9   1.00   0.75
1972   274   281   163   219     3735.  10238. 0.36  775.  1.32   52.  475.  161.   206.  160.    0.    0.  2.79   65.0    0.0   60.2   13.2  175.8   1.00   0.80
1973   274   280   160   224     2846.   9202. 0.31  751.  1.23   -8.  606.  169.   192.  236.    0.    0.  2.54   65.0    0.0   60.1   13.3  176.2   1.00   0.74
1974   274   283   165   221     2866.   9924. 0.29  762.  1.30  -24.  794.  202.   203.  364.    0.    0.  2.45   65.0    0.0   60.0   13.3  174.9   1.00   0.79
1975   274   279   162   214     3345.   9905. 0.34  786.  1.26  110.  373.  138.   213.  132.    0.    0.  2.82   65.0    0.0   60.4   13.0  172.0   0.94   0.80

 MEANS over   7 years  :
       274.  280.  161.  219.    3017.   9526. 0.32  736.  1.29   13.  569.  167.   199.  216.    0.    0.  2.61   65.0    0.0   60.3   13.1  171.9   0.99   0.78
 STANDARD DEVIATIONS  :
         0.    1.    3.    3.     389.    528. 0.03   41.  0.04   49.  119.   18.    10.   69.    0.    0.  0.14    0.0    0.0    0.4    0.4    5.4   0.02   0.02
 VARIATION COEFFICIENTS (%)  : 
        0.0   0.5   1.8   1.4     12.9     5.5  8.9   5.5   3.3 373.3  21.0  10.6    4.9  31.9   0.0   0.0   5.4    0.0    0.0    0.7    3.4    3.1   2.08   2.90



*** RESULTS OF CROP GROWTH MODEL LINTUL4 *** SUMMARY OF OUTPUT FOR CROP GROWTH, YIELD, WATER BALANCE AND NITROGEN UPTAKE, AND STATISTICS ***

Name of run: WAMI1, Station= WAGE , Soil=   1, Crop=   2, Irr.=   1, IOPT=   1, Runof= 0.00, CO2= 370.
 Wageningen, irrig.,grain maize var.202, RUE=4.5                                 


YEAR    PL   EMERG FLOW  HALT    WSO     TAGB   HI  PARAB  RUE   DWAV RAIN  ESOIL   TRANS DRAIN RUNOF  IRR   WUE  NUPT  NFIX    NLIV   NLOSS   NUE    TRANRF   NNI  
1969   120   133   207   285    10653.  25604. 0.42  738.  3.47  -14.  320.  152.   275.   32.    0.  154.  6.00  239.2    0.0  196.7   44.5  112.8   1.00   1.00
1970   120   133   207   285     9228.  21942. 0.42  661.  3.32  -49.  324.  148.   223.   31.    0.  127.  5.92  200.5    0.0  167.4   35.1  112.9   1.00   1.00
1971   120   134   210   285     7846.  21848. 0.36  731.  2.99   -2.  283.  141.   237.   24.    0.  121.  5.78  228.4    0.0  190.8   39.6  102.6   1.00   1.00
1972   120   134   215   285     6569.  17918. 0.37  624.  2.87  -33.  387.  156.   179.   19.    0.    0.  5.35  185.5    0.0  165.0   22.6  101.4   1.00   1.00
1973   120   139   207   285     9769.  23520. 0.42  713.  3.30  -48.  272.  146.   239.    0.    0.  161.  6.11  225.1    0.0  187.0   40.2  109.7   1.00   1.00
1974   120   138   221   285     6406.  19048. 0.34  652.  2.92  -50.  421.  148.   190.   82.    0.   49.  5.63  208.4    0.0  185.5   24.9   97.9   1.00   1.00
1975   120   138   216   285     9707.  24124. 0.40  693.  3.48   -8.  354.  158.   211.    0.    0.   23.  6.54  222.1    0.0  185.4   38.8  113.1   1.00   1.00
1976   120   133   200   285    11554.  24882. 0.46  693.  3.59    1.  178.  181.   243.    0.    0.  245.  5.87  211.1    0.0  174.9   38.3  120.2   1.00   1.00

 MEANS over   8 years  :
       120.  135.  210.  285.    8967.  22361. 0.40  688.  3.24  -25.  317.  154.   225.   24.    0.  110.  5.90  215.0    0.0  181.6   35.5  108.8   1.00   1.00
 STANDARD DEVIATIONS  :
         0.    2.    6.    0.    1745.   2561. 0.04   37.  0.26   21.   70.   11.    29.   26.    0.   76.  0.33   16.0    0.0   10.6    7.2    7.0   0.00   0.00
 VARIATION COEFFICIENTS (%)  : 
        0.0   1.8   2.9   0.0     19.5    11.5  9.7   5.4   8.0  81.0  22.2   7.4   12.9 108.8   0.0  69.4   5.5    7.5    0.0    5.8   20.3    6.4   0.00   0.00



*** RESULTS OF CROP GROWTH MODEL LINTUL4 *** SUMMARY OF OUTPUT FOR CROP GROWTH, YIELD, WATER BALANCE AND NITROGEN UPTAKE, AND STATISTICS ***

Name of run: WAMW2, Station= WAGE , Soil=   1, Crop=   2, Irr.=   0, IOPT=   2, Runof= 0.00, CO2= 370.
 Wageningen, water limit.,grain maize var.202, RUE=4.5                           


YEAR    PL   EMERG FLOW  HALT    WSO     TAGB   HI  PARAB  RUE   DWAV RAIN  ESOIL   TRANS DRAIN RUNOF  IRR   WUE  NUPT  NFIX    NLIV   NLOSS   NUE    TRANRF   NNI  
1969   120   133   207   285     7475.  20438. 0.37  708.  2.89   45.  320.  152.   213.    0.    0.    0.  5.60  210.9    0.0  173.6   39.4  104.6   0.93   1.00
1970   120   133   207   285       45.    115. 0.39    7.  1.65  -49.  324.  214.     1.   60.    0.    0.  0.05    0.5    0.0    2.0    0.5   57.5   0.68   1.00
1971   120   134   210   285     7742.  21040. 0.37  699.  3.01   69.  283.  127.   224.    0.    0.    0.  5.99  214.0    0.0  179.5   36.6  104.1   0.99   1.00
1972   120   134   215   285     6569.  17918. 0.37  624.  2.87  -33.  387.  156.   179.   19.    0.    0.  5.35  185.5    0.0  164.9   22.6  101.4   1.00   1.00
1973   120   139   207   285     5834.  14638. 0.40  587.  2.49   31.  272.  160.   143.    0.    0.    0.  4.83  136.6    0.0  113.0   25.7  112.6   0.87   1.00
1974   120   138   221   285     6394.  18925. 0.34  648.  2.92  -50.  421.  138.   188.   45.    0.    0.  5.81  205.9    0.0  183.4   24.5   98.2   1.00   1.00
1975   120   138   216   285     9706.  24118. 0.40  693.  3.48    5.  354.  147.   211.    0.    0.    0.  6.73  222.0    0.0  185.4   38.7  113.1   1.00   1.00
1976   120   133   200   285        0.     36. 0.01    7.  0.51   18.  178.  195.     1.    0.    0.    0.  0.02    0.8    0.0    2.4    0.5   15.9   0.28   1.00

 MEANS over   8 years  :
       120.  135.  210.  285.    5471.  14653. 0.33  497.  2.48    4.  317.  161.   145.   15.    0.    0.  4.30  147.0    0.0  125.5   23.6   88.4   0.84   1.00
 STANDARD DEVIATIONS  :
         0.    2.    6.    0.    3329.   8788. 0.12  285.  0.89   42.   70.   27.    86.   23.    0.    0.  2.51   88.1    0.0   74.4   14.6   32.0   0.24   0.00
 VARIATION COEFFICIENTS (%)  : 
        0.0   1.8   2.9   0.0     60.9    60.0 37.2  57.4  36.0 929.2  22.2  16.9   59.6 145.6   0.0   0.0  58.5   59.9    0.0   59.3   62.2   36.2  28.18   0.00



*** RESULTS OF CROP GROWTH MODEL LINTUL4 *** SUMMARY OF OUTPUT FOR CROP GROWTH, YIELD, WATER BALANCE AND NITROGEN UPTAKE, AND STATISTICS ***

Name of run: WAMN3, Station= WAGE , Soil=   1, Crop=   2, Irr.=   0, IOPT=   3, Runof= 0.00, CO2= 370.
 Wageningen, water and N limit., grain maize var.202, RUE=4.5                    


YEAR    PL   EMERG FLOW  HALT    WSO     TAGB   HI  PARAB  RUE   DWAV RAIN  ESOIL   TRANS DRAIN RUNOF  IRR   WUE  NUPT  NFIX    NLIV   NLOSS   NUE    TRANRF   NNI  
1969   120   133   207   285     1765.  10454. 0.17  471.  2.22   35.  320.  212.   143.    0.    0.    0.  2.94   65.0    0.0   42.0   25.0  190.2   0.95   0.41
1970   120   133   207   285       45.    114. 0.39    7.  1.66  -49.  324.  214.     1.   60.    0.    0.  0.05    0.3    0.0    1.9    0.4   63.2   0.68   1.00
1971   120   134   210   285     1799.  10161. 0.18  458.  2.22   36.  283.  177.   141.    0.    0.    0.  3.19   65.0    0.0   44.2   22.8  180.3   0.99   0.47
1972   120   134   215   285     1967.   9775. 0.20  417.  2.35  -41.  387.  195.   119.   32.    0.    0.  3.12   65.0    0.0   51.2   15.9  170.8   1.00   0.55
1973   120   139   207   285     2282.   9550. 0.24  422.  2.26   23.  272.  189.   106.    0.    0.    0.  3.24   65.0    0.0   45.5   21.6  168.0   0.90   0.49
1974   120   138   221   285     1827.   9833. 0.19  431.  2.28  -50.  421.  190.   120.   62.    0.    0.  3.18   65.0    0.0   51.2   15.9  174.5   1.00   0.54
1975   120   138   216   285     1773.  10572. 0.17  458.  2.31  -19.  354.  201.   134.    0.    0.    0.  3.16   65.0    0.0   43.5   23.5  189.2   1.00   0.47
1976   120   133   200   285        0.     36. 0.01    7.  0.52   18.  178.  195.     1.    0.    0.    0.  0.02    0.2    0.0    1.9    0.4   21.8   0.28   1.00

 MEANS over   8 years  :
       120.  135.  210.  285.    1432.   7562. 0.19  334.  1.98   -6.  317.  197.    96.   19.    0.    0.  2.36   48.8    0.0   35.2   15.7  144.8   0.85   0.62
 STANDARD DEVIATIONS  :
         0.    2.    6.    0.     829.   4334. 0.10  190.  0.59   35.   70.   11.    56.   26.    0.    0.  1.35   28.0    0.0   19.5    9.4   60.4   0.24   0.22
 VARIATION COEFFICIENTS (%)  : 
        0.0   1.8   2.9   0.0     57.9    57.3 51.0  56.8  29.8 607.3  22.2   5.8   58.4 136.0   0.0   0.0  57.0   57.5    0.0   55.4   59.7   41.7  28.16  36.31
